--show-arguments[Show arguments in services]
--show-hidden[Show hidden (internal) services]
--tag=[Show all services with a specific tag]
--tags[Display tagged services for an application]
--parameter=[Display a specific parameter for an application]
--parameters[Display parameters for an application]
--types[Display types (classes/interfaces) available in the container]
--env-var=[Display a specific environment variable used in the container]
--env-vars[Display environment variables used in the container]
--format=[The output format (txt, xml, json, or md) \[default\: "txt"\]]
--raw[To output raw description]
--deprecations[Display deprecations generated when compiling and warming up the container]
--help[Display help for the given command. When no command is given display help for the list command]
--quiet[Do not output any message]
--version[Display this application version]
--ansi[Force (or disable --no-ansi) ANSI output]
--no-interaction[Do not ask any interactive question]
--env=[The Environment name. \[default\: "dev"\]]
--no-debug[Switch off debug mode.]
--verbose[Increase the verbosity of messages\: 1 for normal output, 2 for more verbose output and 3 for debug]
